22:51:11 **** Build of configuration Debug for project Bai5_UART ****
make -j12 all 
arm-none-eabi-gcc "../Drivers/STM32F4xx_HAL_Driver/Src/stm32f4xx_hal.c" -mcpu=cortex-m4 -std=gnu11 -g3 -DDEBUG -DUSE_HAL_DRIVER -DSTM32F407xx -c -I../Core/Inc -I../Drivers/STM32F4xx_HAL_Driver/Inc -I../Drivers/STM32F4xx_HAL_Driver/Inc/Legacy -I../Drivers/CMSIS/Device/ST/STM32F4xx/Include -I../Drivers/CMSIS/Include -O0 -ffunction-sections -fdata-sections -Wall -fstack-usage -MMD -MP -MF"Drivers/STM32F4xx_HAL_Driver/Src/stm32f4xx_hal.d" -MT"Drivers/STM32F4xx_HAL_Driver/Src/stm32f4xx_hal.o" --specs=nano.specs -mfpu=fpv4-sp-d16 -mfloat-abi=hard -mthumb -o "Drivers/STM32F4xx_HAL_Driver/Src/stm32f4xx_hal.o"
arm-none-eabi-gcc "../Drivers/STM32F4xx_HAL_Driver/Src/stm32f4xx_hal_cortex.c" -mcpu=cortex-m4 -std=gnu11 -g3 -DDEBUG -DUSE_HAL_DRIVER -DSTM32F407xx -c -I../Core/Inc -I../Drivers/STM32F4xx_HAL_Driver/Inc -I../Drivers/STM32F4xx_HAL_Driver/Inc/Legacy -I../Drivers/CMSIS/Device/ST/STM32F4xx/Include -I../Drivers/CMSIS/Include -O0 -ffunction-sections -fdata-sections -Wall -fstack-usage -MMD -MP -MF"Drivers/STM32F4xx_HAL_Driver/Src/stm32f4xx_hal_cortex.d" -MT"Drivers/STM32F4xx_HAL_Driver/Src/stm32f4xx_hal_cortex.o" --specs=nano.specs -mfpu=fpv4-sp-d16 -mfloat-abi=hard -mthumb -o "Drivers/STM32F4xx_HAL_Driver/Src/stm32f4xx_hal_cortex.o"
arm-none-eabi-gcc "../Drivers/STM32F4xx_HAL_Driver/Src/stm32f4xx_hal_dma.c" -mcpu=cortex-m4 -std=gnu11 -g3 -DDEBUG -DUSE_HAL_DRIVER -DSTM32F407xx -c -I../Core/Inc -I../Drivers/STM32F4xx_HAL_Driver/Inc -I../Drivers/STM32F4xx_HAL_Driver/Inc/Legacy -I../Drivers/CMSIS/Device/ST/STM32F4xx/Include -I../Drivers/CMSIS/Include -O0 -ffunction-sections -fdata-sections -Wall -fstack-usage -MMD -MP -MF"Drivers/STM32F4xx_HAL_Driver/Src/stm32f4xx_hal_dma.d" -MT"Drivers/STM32F4xx_HAL_Driver/Src/stm32f4xx_hal_dma.o" --specs=nano.specs -mfpu=fpv4-sp-d16 -mfloat-abi=hard -mthumb -o "Drivers/STM32F4xx_HAL_Driver/Src/stm32f4xx_hal_dma.o"
arm-none-eabi-gcc "../Drivers/STM32F4xx_HAL_Driver/Src/stm32f4xx_hal_dma_ex.c" -mcpu=cortex-m4 -std=gnu11 -g3 -DDEBUG -DUSE_HAL_DRIVER -DSTM32F407xx -c -I../Core/Inc -I../Drivers/STM32F4xx_HAL_Driver/Inc -I../Drivers/STM32F4xx_HAL_Driver/Inc/Legacy -I../Drivers/CMSIS/Device/ST/STM32F4xx/Include -I../Drivers/CMSIS/Include -O0 -ffunction-sections -fdata-sections -Wall -fstack-usage -MMD -MP -MF"Drivers/STM32F4xx_HAL_Driver/Src/stm32f4xx_hal_dma_ex.d" -MT"Drivers/STM32F4xx_HAL_Driver/Src/stm32f4xx_hal_dma_ex.o" --specs=nano.specs -mfpu=fpv4-sp-d16 -mfloat-abi=hard -mthumb -o "Drivers/STM32F4xx_HAL_Driver/Src/stm32f4xx_hal_dma_ex.o"
arm-none-eabi-gcc "../Drivers/STM32F4xx_HAL_Driver/Src/stm32f4xx_hal_exti.c" -mcpu=cortex-m4 -std=gnu11 -g3 -DDEBUG -DUSE_HAL_DRIVER -DSTM32F407xx -c -I../Core/Inc -I../Drivers/STM32F4xx_HAL_Driver/Inc -I../Drivers/STM32F4xx_HAL_Driver/Inc/Legacy -I../Drivers/CMSIS/Device/ST/STM32F4xx/Include -I../Drivers/CMSIS/Include -O0 -ffunction-sections -fdata-sections -Wall -fstack-usage -MMD -MP -MF"Drivers/STM32F4xx_HAL_Driver/Src/stm32f4xx_hal_exti.d" -MT"Drivers/STM32F4xx_HAL_Driver/Src/stm32f4xx_hal_exti.o" --specs=nano.specs -mfpu=fpv4-sp-d16 -mfloat-abi=hard -mthumb -o "Drivers/STM32F4xx_HAL_Driver/Src/stm32f4xx_hal_exti.o"
arm-none-eabi-gcc "../Drivers/STM32F4xx_HAL_Driver/Src/stm32f4xx_hal_flash.c" -mcpu=cortex-m4 -std=gnu11 -g3 -DDEBUG -DUSE_HAL_DRIVER -DSTM32F407xx -c -I../Core/Inc -I../Drivers/STM32F4xx_HAL_Driver/Inc -I../Drivers/STM32F4xx_HAL_Driver/Inc/Legacy -I../Drivers/CMSIS/Device/ST/STM32F4xx/Include -I../Drivers/CMSIS/Include -O0 -ffunction-sections -fdata-sections -Wall -fstack-usage -MMD -MP -MF"Drivers/STM32F4xx_HAL_Driver/Src/stm32f4xx_hal_flash.d" -MT"Drivers/STM32F4xx_HAL_Driver/Src/stm32f4xx_hal_flash.o" --specs=nano.specs -mfpu=fpv4-sp-d16 -mfloat-abi=hard -mthumb -o "Drivers/STM32F4xx_HAL_Driver/Src/stm32f4xx_hal_flash.o"
arm-none-eabi-gcc "../Drivers/STM32F4xx_HAL_Driver/Src/stm32f4xx_hal_flash_ex.c" -mcpu=cortex-m4 -std=gnu11 -g3 -DDEBUG -DUSE_HAL_DRIVER -DSTM32F407xx -c -I../Core/Inc -I../Drivers/STM32F4xx_HAL_Driver/Inc -I../Drivers/STM32F4xx_HAL_Driver/Inc/Legacy -I../Drivers/CMSIS/Device/ST/STM32F4xx/Include -I../Drivers/CMSIS/Include -O0 -ffunction-sections -fdata-sections -Wall -fstack-usage -MMD -MP -MF"Drivers/STM32F4xx_HAL_Driver/Src/stm32f4xx_hal_flash_ex.d" -MT"Drivers/STM32F4xx_HAL_Driver/Src/stm32f4xx_hal_flash_ex.o" --specs=nano.specs -mfpu=fpv4-sp-d16 -mfloat-abi=hard -mthumb -o "Drivers/STM32F4xx_HAL_Driver/Src/stm32f4xx_hal_flash_ex.o"
arm-none-eabi-gcc "../Drivers/STM32F4xx_HAL_Driver/Src/stm32f4xx_hal_flash_ramfunc.c" -mcpu=cortex-m4 -std=gnu11 -g3 -DDEBUG -DUSE_HAL_DRIVER -DSTM32F407xx -c -I../Core/Inc -I../Drivers/STM32F4xx_HAL_Driver/Inc -I../Drivers/STM32F4xx_HAL_Driver/Inc/Legacy -I../Drivers/CMSIS/Device/ST/STM32F4xx/Include -I../Drivers/CMSIS/Include -O0 -ffunction-sections -fdata-sections -Wall -fstack-usage -MMD -MP -MF"Drivers/STM32F4xx_HAL_Driver/Src/stm32f4xx_hal_flash_ramfunc.d" -MT"Drivers/STM32F4xx_HAL_Driver/Src/stm32f4xx_hal_flash_ramfunc.o" --specs=nano.specs -mfpu=fpv4-sp-d16 -mfloat-abi=hard -mthumb -o "Drivers/STM32F4xx_HAL_Driver/Src/stm32f4xx_hal_flash_ramfunc.o"
arm-none-eabi-gcc "../Drivers/STM32F4xx_HAL_Driver/Src/stm32f4xx_hal_gpio.c" -mcpu=cortex-m4 -std=gnu11 -g3 -DDEBUG -DUSE_HAL_DRIVER -DSTM32F407xx -c -I../Core/Inc -I../Drivers/STM32F4xx_HAL_Driver/Inc -I../Drivers/STM32F4xx_HAL_Driver/Inc/Legacy -I../Drivers/CMSIS/Device/ST/STM32F4xx/Include -I../Drivers/CMSIS/Include -O0 -ffunction-sections -fdata-sections -Wall -fstack-usage -MMD -MP -MF"Drivers/STM32F4xx_HAL_Driver/Src/stm32f4xx_hal_gpio.d" -MT"Drivers/STM32F4xx_HAL_Driver/Src/stm32f4xx_hal_gpio.o" --specs=nano.specs -mfpu=fpv4-sp-d16 -mfloat-abi=hard -mthumb -o "Drivers/STM32F4xx_HAL_Driver/Src/stm32f4xx_hal_gpio.o"
arm-none-eabi-gcc "../Drivers/STM32F4xx_HAL_Driver/Src/stm32f4xx_hal_i2c.c" -mcpu=cortex-m4 -std=gnu11 -g3 -DDEBUG -DUSE_HAL_DRIVER -DSTM32F407xx -c -I../Core/Inc -I../Drivers/STM32F4xx_HAL_Driver/Inc -I../Drivers/STM32F4xx_HAL_Driver/Inc/Legacy -I../Drivers/CMSIS/Device/ST/STM32F4xx/Include -I../Drivers/CMSIS/Include -O0 -ffunction-sections -fdata-sections -Wall -fstack-usage -MMD -MP -MF"Drivers/STM32F4xx_HAL_Driver/Src/stm32f4xx_hal_i2c.d" -MT"Drivers/STM32F4xx_HAL_Driver/Src/stm32f4xx_hal_i2c.o" --specs=nano.specs -mfpu=fpv4-sp-d16 -mfloat-abi=hard -mthumb -o "Drivers/STM32F4xx_HAL_Driver/Src/stm32f4xx_hal_i2c.o"
arm-none-eabi-gcc "../Drivers/STM32F4xx_HAL_Driver/Src/stm32f4xx_hal_i2c_ex.c" -mcpu=cortex-m4 -std=gnu11 -g3 -DDEBUG -DUSE_HAL_DRIVER -DSTM32F407xx -c -I../Core/Inc -I../Drivers/STM32F4xx_HAL_Driver/Inc -I../Drivers/STM32F4xx_HAL_Driver/Inc/Legacy -I../Drivers/CMSIS/Device/ST/STM32F4xx/Include -I../Drivers/CMSIS/Include -O0 -ffunction-sections -fdata-sections -Wall -fstack-usage -MMD -MP -MF"Drivers/STM32F4xx_HAL_Driver/Src/stm32f4xx_hal_i2c_ex.d" -MT"Drivers/STM32F4xx_HAL_Driver/Src/stm32f4xx_hal_i2c_ex.o" --specs=nano.specs -mfpu=fpv4-sp-d16 -mfloat-abi=hard -mthumb -o "Drivers/STM32F4xx_HAL_Driver/Src/stm32f4xx_hal_i2c_ex.o"
arm-none-eabi-gcc "../Drivers/STM32F4xx_HAL_Driver/Src/stm32f4xx_hal_pwr.c" -mcpu=cortex-m4 -std=gnu11 -g3 -DDEBUG -DUSE_HAL_DRIVER -DSTM32F407xx -c -I../Core/Inc -I../Drivers/STM32F4xx_HAL_Driver/Inc -I../Drivers/STM32F4xx_HAL_Driver/Inc/Legacy -I../Drivers/CMSIS/Device/ST/STM32F4xx/Include -I../Drivers/CMSIS/Include -O0 -ffunction-sections -fdata-sections -Wall -fstack-usage -MMD -MP -MF"Drivers/STM32F4xx_HAL_Driver/Src/stm32f4xx_hal_pwr.d" -MT"Drivers/STM32F4xx_HAL_Driver/Src/stm32f4xx_hal_pwr.o" --specs=nano.specs -mfpu=fpv4-sp-d16 -mfloat-abi=hard -mthumb -o "Drivers/STM32F4xx_HAL_Driver/Src/stm32f4xx_hal_pwr.o"
arm-none-eabi-gcc "../Drivers/STM32F4xx_HAL_Driver/Src/stm32f4xx_hal_pwr_ex.c" -mcpu=cortex-m4 -std=gnu11 -g3 -DDEBUG -DUSE_HAL_DRIVER -DSTM32F407xx -c -I../Core/Inc -I../Drivers/STM32F4xx_HAL_Driver/Inc -I../Drivers/STM32F4xx_HAL_Driver/Inc/Legacy -I../Drivers/CMSIS/Device/ST/STM32F4xx/Include -I../Drivers/CMSIS/Include -O0 -ffunction-sections -fdata-sections -Wall -fstack-usage -MMD -MP -MF"Drivers/STM32F4xx_HAL_Driver/Src/stm32f4xx_hal_pwr_ex.d" -MT"Drivers/STM32F4xx_HAL_Driver/Src/stm32f4xx_hal_pwr_ex.o" --specs=nano.specs -mfpu=fpv4-sp-d16 -mfloat-abi=hard -mthumb -o "Drivers/STM32F4xx_HAL_Driver/Src/stm32f4xx_hal_pwr_ex.o"
arm-none-eabi-gcc "../Drivers/STM32F4xx_HAL_Driver/Src/stm32f4xx_hal_rcc.c" -mcpu=cortex-m4 -std=gnu11 -g3 -DDEBUG -DUSE_HAL_DRIVER -DSTM32F407xx -c -I../Core/Inc -I../Drivers/STM32F4xx_HAL_Driver/Inc -I../Drivers/STM32F4xx_HAL_Driver/Inc/Legacy -I../Drivers/CMSIS/Device/ST/STM32F4xx/Include -I../Drivers/CMSIS/Include -O0 -ffunction-sections -fdata-sections -Wall -fstack-usage -MMD -MP -MF"Drivers/STM32F4xx_HAL_Driver/Src/stm32f4xx_hal_rcc.d" -MT"Drivers/STM32F4xx_HAL_Driver/Src/stm32f4xx_hal_rcc.o" --specs=nano.specs -mfpu=fpv4-sp-d16 -mfloat-abi=hard -mthumb -o "Drivers/STM32F4xx_HAL_Driver/Src/stm32f4xx_hal_rcc.o"
arm-none-eabi-gcc "../Drivers/STM32F4xx_HAL_Driver/Src/stm32f4xx_hal_rcc_ex.c" -mcpu=cortex-m4 -std=gnu11 -g3 -DDEBUG -DUSE_HAL_DRIVER -DSTM32F407xx -c -I../Core/Inc -I../Drivers/STM32F4xx_HAL_Driver/Inc -I../Drivers/STM32F4xx_HAL_Driver/Inc/Legacy -I../Drivers/CMSIS/Device/ST/STM32F4xx/Include -I../Drivers/CMSIS/Include -O0 -ffunction-sections -fdata-sections -Wall -fstack-usage -MMD -MP -MF"Drivers/STM32F4xx_HAL_Driver/Src/stm32f4xx_hal_rcc_ex.d" -MT"Drivers/STM32F4xx_HAL_Driver/Src/stm32f4xx_hal_rcc_ex.o" --specs=nano.specs -mfpu=fpv4-sp-d16 -mfloat-abi=hard -mthumb -o "Drivers/STM32F4xx_HAL_Driver/Src/stm32f4xx_hal_rcc_ex.o"
arm-none-eabi-gcc "../Drivers/STM32F4xx_HAL_Driver/Src/stm32f4xx_hal_spi.c" -mcpu=cortex-m4 -std=gnu11 -g3 -DDEBUG -DUSE_HAL_DRIVER -DSTM32F407xx -c -I../Core/Inc -I../Drivers/STM32F4xx_HAL_Driver/Inc -I../Drivers/STM32F4xx_HAL_Driver/Inc/Legacy -I../Drivers/CMSIS/Device/ST/STM32F4xx/Include -I../Drivers/CMSIS/Include -O0 -ffunction-sections -fdata-sections -Wall -fstack-usage -MMD -MP -MF"Drivers/STM32F4xx_HAL_Driver/Src/stm32f4xx_hal_spi.d" -MT"Drivers/STM32F4xx_HAL_Driver/Src/stm32f4xx_hal_spi.o" --specs=nano.specs -mfpu=fpv4-sp-d16 -mfloat-abi=hard -mthumb -o "Drivers/STM32F4xx_HAL_Driver/Src/stm32f4xx_hal_spi.o"
arm-none-eabi-gcc "../Drivers/STM32F4xx_HAL_Driver/Src/stm32f4xx_hal_sram.c" -mcpu=cortex-m4 -std=gnu11 -g3 -DDEBUG -DUSE_HAL_DRIVER -DSTM32F407xx -c -I../Core/Inc -I../Drivers/STM32F4xx_HAL_Driver/Inc -I../Drivers/STM32F4xx_HAL_Driver/Inc/Legacy -I../Drivers/CMSIS/Device/ST/STM32F4xx/Include -I../Drivers/CMSIS/Include -O0 -ffunction-sections -fdata-sections -Wall -fstack-usage -MMD -MP -MF"Drivers/STM32F4xx_HAL_Driver/Src/stm32f4xx_hal_sram.d" -MT"Drivers/STM32F4xx_HAL_Driver/Src/stm32f4xx_hal_sram.o" --specs=nano.specs -mfpu=fpv4-sp-d16 -mfloat-abi=hard -mthumb -o "Drivers/STM32F4xx_HAL_Driver/Src/stm32f4xx_hal_sram.o"
arm-none-eabi-gcc "../Drivers/STM32F4xx_HAL_Driver/Src/stm32f4xx_hal_tim.c" -mcpu=cortex-m4 -std=gnu11 -g3 -DDEBUG -DUSE_HAL_DRIVER -DSTM32F407xx -c -I../Core/Inc -I../Drivers/STM32F4xx_HAL_Driver/Inc -I../Drivers/STM32F4xx_HAL_Driver/Inc/Legacy -I../Drivers/CMSIS/Device/ST/STM32F4xx/Include -I../Drivers/CMSIS/Include -O0 -ffunction-sections -fdata-sections -Wall -fstack-usage -MMD -MP -MF"Drivers/STM32F4xx_HAL_Driver/Src/stm32f4xx_hal_tim.d" -MT"Drivers/STM32F4xx_HAL_Driver/Src/stm32f4xx_hal_tim.o" --specs=nano.specs -mfpu=fpv4-sp-d16 -mfloat-abi=hard -mthumb -o "Drivers/STM32F4xx_HAL_Driver/Src/stm32f4xx_hal_tim.o"
arm-none-eabi-gcc "../Drivers/STM32F4xx_HAL_Driver/Src/stm32f4xx_hal_tim_ex.c" -mcpu=cortex-m4 -std=gnu11 -g3 -DDEBUG -DUSE_HAL_DRIVER -DSTM32F407xx -c -I../Core/Inc -I../Drivers/STM32F4xx_HAL_Driver/Inc -I../Drivers/STM32F4xx_HAL_Driver/Inc/Legacy -I../Drivers/CMSIS/Device/ST/STM32F4xx/Include -I../Drivers/CMSIS/Include -O0 -ffunction-sections -fdata-sections -Wall -fstack-usage -MMD -MP -MF"Drivers/STM32F4xx_HAL_Driver/Src/stm32f4xx_hal_tim_ex.d" -MT"Drivers/STM32F4xx_HAL_Driver/Src/stm32f4xx_hal_tim_ex.o" --specs=nano.specs -mfpu=fpv4-sp-d16 -mfloat-abi=hard -mthumb -o "Drivers/STM32F4xx_HAL_Driver/Src/stm32f4xx_hal_tim_ex.o"
arm-none-eabi-gcc "../Drivers/STM32F4xx_HAL_Driver/Src/stm32f4xx_hal_uart.c" -mcpu=cortex-m4 -std=gnu11 -g3 -DDEBUG -DUSE_HAL_DRIVER -DSTM32F407xx -c -I../Core/Inc -I../Drivers/STM32F4xx_HAL_Driver/Inc -I../Drivers/STM32F4xx_HAL_Driver/Inc/Legacy -I../Drivers/CMSIS/Device/ST/STM32F4xx/Include -I../Drivers/CMSIS/Include -O0 -ffunction-sections -fdata-sections -Wall -fstack-usage -MMD -MP -MF"Drivers/STM32F4xx_HAL_Driver/Src/stm32f4xx_hal_uart.d" -MT"Drivers/STM32F4xx_HAL_Driver/Src/stm32f4xx_hal_uart.o" --specs=nano.specs -mfpu=fpv4-sp-d16 -mfloat-abi=hard -mthumb -o "Drivers/STM32F4xx_HAL_Driver/Src/stm32f4xx_hal_uart.o"
arm-none-eabi-gcc "../Drivers/STM32F4xx_HAL_Driver/Src/stm32f4xx_ll_fsmc.c" -mcpu=cortex-m4 -std=gnu11 -g3 -DDEBUG -DUSE_HAL_DRIVER -DSTM32F407xx -c -I../Core/Inc -I../Drivers/STM32F4xx_HAL_Driver/Inc -I../Drivers/STM32F4xx_HAL_Driver/Inc/Legacy -I../Drivers/CMSIS/Device/ST/STM32F4xx/Include -I../Drivers/CMSIS/Include -O0 -ffunction-sections -fdata-sections -Wall -fstack-usage -MMD -MP -MF"Drivers/STM32F4xx_HAL_Driver/Src/stm32f4xx_ll_fsmc.d" -MT"Drivers/STM32F4xx_HAL_Driver/Src/stm32f4xx_ll_fsmc.o" --specs=nano.specs -mfpu=fpv4-sp-d16 -mfloat-abi=hard -mthumb -o "Drivers/STM32F4xx_HAL_Driver/Src/stm32f4xx_ll_fsmc.o"
arm-none-eabi-gcc -mcpu=cortex-m4 -g3 -DDEBUG -c -x assembler-with-cpp -MMD -MP -MF"Core/Startup/startup_stm32f407zetx.d" -MT"Core/Startup/startup_stm32f407zetx.o" --specs=nano.specs -mfpu=fpv4-sp-d16 -mfloat-abi=hard -mthumb -o "Core/Startup/startup_stm32f407zetx.o" "../Core/Startup/startup_stm32f407zetx.s"
arm-none-eabi-gcc "../Core/Src/button.c" -mcpu=cortex-m4 -std=gnu11 -g3 -DDEBUG -DUSE_HAL_DRIVER -DSTM32F407xx -c -I../Core/Inc -I../Drivers/STM32F4xx_HAL_Driver/Inc -I../Drivers/STM32F4xx_HAL_Driver/Inc/Legacy -I../Drivers/CMSIS/Device/ST/STM32F4xx/Include -I../Drivers/CMSIS/Include -O0 -ffunction-sections -fdata-sections -Wall -fstack-usage -MMD -MP -MF"Core/Src/button.d" -MT"Core/Src/button.o" --specs=nano.specs -mfpu=fpv4-sp-d16 -mfloat-abi=hard -mthumb -o "Core/Src/button.o"
arm-none-eabi-gcc "../Core/Src/ds3231.c" -mcpu=cortex-m4 -std=gnu11 -g3 -DDEBUG -DUSE_HAL_DRIVER -DSTM32F407xx -c -I../Core/Inc -I../Drivers/STM32F4xx_HAL_Driver/Inc -I../Drivers/STM32F4xx_HAL_Driver/Inc/Legacy -I../Drivers/CMSIS/Device/ST/STM32F4xx/Include -I../Drivers/CMSIS/Include -O0 -ffunction-sections -fdata-sections -Wall -fstack-usage -MMD -MP -MF"Core/Src/ds3231.d" -MT"Core/Src/ds3231.o" --specs=nano.specs -mfpu=fpv4-sp-d16 -mfloat-abi=hard -mthumb -o "Core/Src/ds3231.o"
arm-none-eabi-gcc "../Core/Src/fsmc.c" -mcpu=cortex-m4 -std=gnu11 -g3 -DDEBUG -DUSE_HAL_DRIVER -DSTM32F407xx -c -I../Core/Inc -I../Drivers/STM32F4xx_HAL_Driver/Inc -I../Drivers/STM32F4xx_HAL_Driver/Inc/Legacy -I../Drivers/CMSIS/Device/ST/STM32F4xx/Include -I../Drivers/CMSIS/Include -O0 -ffunction-sections -fdata-sections -Wall -fstack-usage -MMD -MP -MF"Core/Src/fsmc.d" -MT"Core/Src/fsmc.o" --specs=nano.specs -mfpu=fpv4-sp-d16 -mfloat-abi=hard -mthumb -o "Core/Src/fsmc.o"
arm-none-eabi-gcc "../Core/Src/gpio.c" -mcpu=cortex-m4 -std=gnu11 -g3 -DDEBUG -DUSE_HAL_DRIVER -DSTM32F407xx -c -I../Core/Inc -I../Drivers/STM32F4xx_HAL_Driver/Inc -I../Drivers/STM32F4xx_HAL_Driver/Inc/Legacy -I../Drivers/CMSIS/Device/ST/STM32F4xx/Include -I../Drivers/CMSIS/Include -O0 -ffunction-sections -fdata-sections -Wall -fstack-usage -MMD -MP -MF"Core/Src/gpio.d" -MT"Core/Src/gpio.o" --specs=nano.specs -mfpu=fpv4-sp-d16 -mfloat-abi=hard -mthumb -o "Core/Src/gpio.o"
arm-none-eabi-gcc "../Core/Src/i2c.c" -mcpu=cortex-m4 -std=gnu11 -g3 -DDEBUG -DUSE_HAL_DRIVER -DSTM32F407xx -c -I../Core/Inc -I../Drivers/STM32F4xx_HAL_Driver/Inc -I../Drivers/STM32F4xx_HAL_Driver/Inc/Legacy -I../Drivers/CMSIS/Device/ST/STM32F4xx/Include -I../Drivers/CMSIS/Include -O0 -ffunction-sections -fdata-sections -Wall -fstack-usage -MMD -MP -MF"Core/Src/i2c.d" -MT"Core/Src/i2c.o" --specs=nano.specs -mfpu=fpv4-sp-d16 -mfloat-abi=hard -mthumb -o "Core/Src/i2c.o"
arm-none-eabi-gcc "../Core/Src/lcd.c" -mcpu=cortex-m4 -std=gnu11 -g3 -DDEBUG -DUSE_HAL_DRIVER -DSTM32F407xx -c -I../Core/Inc -I../Drivers/STM32F4xx_HAL_Driver/Inc -I../Drivers/STM32F4xx_HAL_Driver/Inc/Legacy -I../Drivers/CMSIS/Device/ST/STM32F4xx/Include -I../Drivers/CMSIS/Include -O0 -ffunction-sections -fdata-sections -Wall -fstack-usage -MMD -MP -MF"Core/Src/lcd.d" -MT"Core/Src/lcd.o" --specs=nano.specs -mfpu=fpv4-sp-d16 -mfloat-abi=hard -mthumb -o "Core/Src/lcd.o"
arm-none-eabi-gcc "../Core/Src/led_7seg.c" -mcpu=cortex-m4 -std=gnu11 -g3 -DDEBUG -DUSE_HAL_DRIVER -DSTM32F407xx -c -I../Core/Inc -I../Drivers/STM32F4xx_HAL_Driver/Inc -I../Drivers/STM32F4xx_HAL_Driver/Inc/Legacy -I../Drivers/CMSIS/Device/ST/STM32F4xx/Include -I../Drivers/CMSIS/Include -O0 -ffunction-sections -fdata-sections -Wall -fstack-usage -MMD -MP -MF"Core/Src/led_7seg.d" -MT"Core/Src/led_7seg.o" --specs=nano.specs -mfpu=fpv4-sp-d16 -mfloat-abi=hard -mthumb -o "Core/Src/led_7seg.o"
arm-none-eabi-gcc "../Core/Src/main.c" -mcpu=cortex-m4 -std=gnu11 -g3 -DDEBUG -DUSE_HAL_DRIVER -DSTM32F407xx -c -I../Core/Inc -I../Drivers/STM32F4xx_HAL_Driver/Inc -I../Drivers/STM32F4xx_HAL_Driver/Inc/Legacy -I../Drivers/CMSIS/Device/ST/STM32F4xx/Include -I../Drivers/CMSIS/Include -O0 -ffunction-sections -fdata-sections -Wall -fstack-usage -MMD -MP -MF"Core/Src/main.d" -MT"Core/Src/main.o" --specs=nano.specs -mfpu=fpv4-sp-d16 -mfloat-abi=hard -mthumb -o "Core/Src/main.o"
arm-none-eabi-gcc "../Core/Src/picture.c" -mcpu=cortex-m4 -std=gnu11 -g3 -DDEBUG -DUSE_HAL_DRIVER -DSTM32F407xx -c -I../Core/Inc -I../Drivers/STM32F4xx_HAL_Driver/Inc -I../Drivers/STM32F4xx_HAL_Driver/Inc/Legacy -I../Drivers/CMSIS/Device/ST/STM32F4xx/Include -I../Drivers/CMSIS/Include -O0 -ffunction-sections -fdata-sections -Wall -fstack-usage -MMD -MP -MF"Core/Src/picture.d" -MT"Core/Src/picture.o" --specs=nano.specs -mfpu=fpv4-sp-d16 -mfloat-abi=hard -mthumb -o "Core/Src/picture.o"
arm-none-eabi-gcc "../Core/Src/software_timer.c" -mcpu=cortex-m4 -std=gnu11 -g3 -DDEBUG -DUSE_HAL_DRIVER -DSTM32F407xx -c -I../Core/Inc -I../Drivers/STM32F4xx_HAL_Driver/Inc -I../Drivers/STM32F4xx_HAL_Driver/Inc/Legacy -I../Drivers/CMSIS/Device/ST/STM32F4xx/Include -I../Drivers/CMSIS/Include -O0 -ffunction-sections -fdata-sections -Wall -fstack-usage -MMD -MP -MF"Core/Src/software_timer.d" -MT"Core/Src/software_timer.o" --specs=nano.specs -mfpu=fpv4-sp-d16 -mfloat-abi=hard -mthumb -o "Core/Src/software_timer.o"
arm-none-eabi-gcc "../Core/Src/spi.c" -mcpu=cortex-m4 -std=gnu11 -g3 -DDEBUG -DUSE_HAL_DRIVER -DSTM32F407xx -c -I../Core/Inc -I../Drivers/STM32F4xx_HAL_Driver/Inc -I../Drivers/STM32F4xx_HAL_Driver/Inc/Legacy -I../Drivers/CMSIS/Device/ST/STM32F4xx/Include -I../Drivers/CMSIS/Include -O0 -ffunction-sections -fdata-sections -Wall -fstack-usage -MMD -MP -MF"Core/Src/spi.d" -MT"Core/Src/spi.o" --specs=nano.specs -mfpu=fpv4-sp-d16 -mfloat-abi=hard -mthumb -o "Core/Src/spi.o"
In file included from ../Core/Src/lcd.c:9:
../Core/Inc/lcdfont.h:409:29: warning: missing braces around initializer [-Wmissing-braces]
  409 | const typFNT_GB16 tfont16[]={
      |                             ^
  410 | "ff",0x80,0x00,0x80,0x00,0x80,0x00,0x80,0x00,0xFC,0x1F,0x84,0x10,0x84,0x10,0x84,0x10,
      | {    {
  411 | 0x84,0x10,0x84,0x10,0xFC,0x1F,0x84,0x10,0x80,0x00,0x80,0x00,0x80,0x00,0x80,0x00,/*"��",0*/
      |                                                                                }}
  412 | "ff",0xF8,0x0F,0x08,0x08,0xF8,0x0F,0x08,0x08,0xF8,0x0F,0x80,0x00,0xFF,0x7F,0x00,0x00,
      | {    {
  413 | 0xF8,0x0F,0x08,0x08,0x08,0x08,0xF8,0x0F,0x80,0x00,0x84,0x10,0xA2,0x20,0x40,0x00,/*"��",1*/
      |                                                                                }}
  414 | "ff",0x00,0x00,0xFE,0x3F,0x02,0x20,0xF2,0x27,0x02,0x20,0x02,0x20,0xFA,0x2F,0x22,0x21,
      | {    {
  415 | 0x22,0x21,0x22,0x21,0x12,0x29,0x12,0x29,0x0A,0x2E,0x02,0x20,0xFE,0x3F,0x02,0x20,/*"԰",2*/
      |                                                                                }}
  416 | "ff",0x80,0x00,0x80,0x00,0x80,0x00,0xFC,0x1F,0x84,0x10,0x84,0x10,0x84,0x10,0xFC,0x1F,
      | {    {
  417 | 0x84,0x10,0x84,0x10,0x84,0x10,0xFC,0x1F,0x84,0x50,0x80,0x40,0x80,0x40,0x00,0x7F,/*"��",3*/
      |                                                                                }}
  418 | "ff",0x00,0x00,0xFE,0x1F,0x00,0x08,0x00,0x04,0x00,0x02,0x80,0x01,0x80,0x00,0xFF,0x7F,
      | {    {
  419 | 0x80,0x00,0x80,0x00,0x80,0x00,0x80,0x00,0x80,0x00,0x80,0x00,0xA0,0x00,0x40,0x00,/*"��",4*/
      |                                                                                }}
  420 | "ff",0x08,0x04,0x08,0x04,0x08,0x04,0xC8,0x7F,0x3F,0x04,0x08,0x04,0x08,0x04,0xA8,0x3F,
      | {    {
  421 | 0x18,0x21,0x0C,0x11,0x0B,0x12,0x08,0x0A,0x08,0x04,0x08,0x0A,0x8A,0x11,0x64,0x60,/*"��",0*/
      |                                                                                }}
  422 | "ff",0x80,0x00,0x80,0x04,0x80,0x08,0x80,0x08,0xFE,0x3F,0xC0,0x01,0xA0,0x02,0xA0,0x02,
      | {    {
  423 | 0x90,0x04,0x88,0x08,0x84,0x10,0x82,0x20,0x81,0x40,0x80,0x00,0x80,0x00,0x80,0x00,/*"��",1*/
      |                                                                                }}
  424 | "ff",0x40,0x00,0x40,0x00,0xFF,0x7F,0x20,0x00,0x20,0x00,0xF0,0x0F,0x10,0x08,0x18,0x08,
      | {    {
  425 | 0xF4,0x0F,0x12,0x08,0x11,0x08,0xF0,0x0F,0x10,0x08,0x10,0x08,0x10,0x0A,0x10,0x04,/*"��",2*/
      |                                                                                }}
  426 | "ff",0x00,0x00,0xDE,0x1F,0x52,0x10,0x4A,0x10,0xCA,0x1F,0x46,0x10,0x4A,0x10,0xD2,0x1F,
      | {    {
  427 | 0x52,0x22,0x52,0x12,0x56,0x0C,0x4A,0x04,0x42,0x08,0x42,0x11,0xC2,0x60,0x42,0x00,/*"��",3*/
      |                                                                                }}
  428 | "ff",0x00,0x01,0x20,0x01,0x20,0x01,0x10,0x02,0x10,0x02,0x08,0x04,0x04,0x08,0x42,0x10,
      | {    {
  429 | 0x41,0x60,0x20,0x00,0x20,0x02,0x10,0x04,0x08,0x04,0xFC,0x0F,0x08,0x08,0x00,0x00,/*"��",4*/
      |                                                                                }}
  430 | "ff",0x00,0x00,0xFC,0x1F,0x00,0x10,0x00,0x10,0xFE,0x17,0x00,0x10,0x00,0x10,0xF8,0x11,
      | {    {
  431 | 0x08,0x11,0x08,0x11,0x08,0x11,0x08,0x11,0xF8,0x11,0x08,0x11,0x00,0x14,0x00,0x08,/*"˾",5*/
      |                                                                                }}
  432 | "ff",0x00,0x01,0x00,0x01,0x3F,0x01,0x20,0x3F,0xA0,0x20,0x92,0x10,0x54,0x02,0x28,0x02,
      | {    {
  433 | 0x08,0x02,0x14,0x05,0x24,0x05,0xA2,0x08,0x81,0x08,0x40,0x10,0x20,0x20,0x10,0x40,/*"��",6*/
      |                                                                                }}
  434 | "ff",0x00,0x00,0x04,0x01,0xC8,0x3C,0x48,0x24,0x40,0x24,0x40,0x24,0x4F,0x24,0x48,0x24,
      | {    {
  435 | 0x48,0x24,0x48,0x2D,0xC8,0x14,0x48,0x04,0x08,0x04,0x14,0x04,0xE2,0x7F,0x00,0x00,/*"ӭ",7*/
      |                                                                                }}
  436 | "ff",0x90,0x00,0x90,0x00,0x88,0x3F,0x4C,0x20,0x2A,0x12,0x99,0x0A,0x88,0x12,0x48,0x22,
      | {    {
  437 | 0x28,0x22,0x88,0x02,0x08,0x01,0x40,0x00,0x8A,0x20,0x8A,0x48,0x09,0x48,0xF0,0x0F,/*"��",8*/
      |                                                                                }}
  438 | "ff",0x08,0x02,0x08,0x02,0x04,0x02,0xC4,0x3F,0x12,0x02,0x5F,0x12,0x48,0x12,0x44,0x12,
      | {    {
  439 | 0x42,0x12,0xDF,0x1F,0x02,0x12,0x00,0x02,0x18,0x42,0x07,0x42,0x02,0x7C,0x00,0x00,/*"��",9*/
      |                                                                                }}
  440 | "ff",0x10,0x00,0x10,0x00,0xF8,0x07,0x04,0x04,0x02,0x02,0xFD,0x1F,0x84,0x10,0x84,0x10,
      | {    {
  441 | 0x84,0x10,0xFC,0x1F,0x04,0x00,0x04,0x40,0x04,0x40,0x04,0x40,0xF8,0x7F,0x00,0x00,/*"ɫ",10*/
      |                                                                                }}
  442 | "ff",0x04,0x02,0x04,0x02,0xE4,0x3F,0x04,0x02,0xC4,0x1F,0x5F,0x10,0xC4,0x1F,0x44,0x10,
      | {    {
arm-none-eabi-gcc "../Core/Src/stm32f4xx_hal_msp.c" -mcpu=cortex-m4 -std=gnu11 -g3 -DDEBUG -DUSE_HAL_DRIVER -DSTM32F407xx -c -I../Core/Inc -I../Drivers/STM32F4xx_HAL_Driver/Inc -I../Drivers/STM32F4xx_HAL_Driver/Inc/Legacy -I../Drivers/CMSIS/Device/ST/STM32F4xx/Include -I../Drivers/CMSIS/Include -O0 -ffunction-sections -fdata-sections -Wall -fstack-usage -MMD -MP -MF"Core/Src/stm32f4xx_hal_msp.d" -MT"Core/Src/stm32f4xx_hal_msp.o" --specs=nano.specs -mfpu=fpv4-sp-d16 -mfloat-abi=hard -mthumb -o "Core/Src/stm32f4xx_hal_msp.o"
  443 | 0xC4,0x1F,0x44,0x10,0xC4,0x1F,0x5C,0x10,0xF7,0x7F,0x82,0x08,0x40,0x10,0x20,0x20,/*"��",11*/
      |                                                                                }}
  444 | "ff",0x40,0x00,0x80,0x00,0xFF,0x7F,0x20,0x00,0x20,0x00,0x10,0x04,0x08,0x08,0xFC,0x1F,
      | {    {
  445 | 0x20,0x12,0x20,0x02,0x20,0x02,0x20,0x02,0x10,0x22,0x10,0x22,0x08,0x22,0x06,0x3C,/*"��",12*/
      |                                                                                }}
  446 | "ff",0x04,0x00,0x84,0x7F,0xBC,0x00,0x8A,0x00,0x89,0x00,0x88,0x3F,0x88,0x20,0xFF,0x20,
      | {    {
  447 | 0x88,0x20,0x88,0x20,0x88,0x3F,0x94,0x00,0xA4,0x00,0xA2,0x00,0x82,0x7F,0x01,0x00,/*"��",13*/
      |                                                                                }}
  448 | "ff",0x00,0x00,0xFE,0x21,0x48,0x20,0x48,0x10,0x48,0x08,0x48,0x44,0x48,0x40,0xFF,0x23,
      | {    {
  449 | 0x48,0x10,0x48,0x08,0x48,0x44,0x48,0x40,0x44,0x20,0x44,0x10,0x42,0x08,0x41,0x06,/*"��",14*/
      |                                                                                }}
  450 | "ff",0x00,0x00,0xFF,0x7F,0x00,0x00,0x00,0x00,0xF2,0x27,0x92,0x24,0x92,0x24,0xF2,0x27,
      | {    {
  451 | 0x92,0x24,0x92,0x24,0x92,0x24,0xF2,0x27,0x02,0x20,0x02,0x20,0xFE,0x3F,0x00,0x20,/*"��",15*/
      |                                                                                }}
  452 | "ff",0x00,0x00,0xFE,0x3F,0x02,0x20,0xF2,0x27,0x12,0x24,0xF2,0x27,0x02,0x20,0xFA,0x2F,
      | {    {
  453 | 0x0A,0x28,0x8A,0x28,0x8A,0x28,0x4A,0x29,0x22,0x22,0x12,0x24,0xFE,0x3F,0x02,0x20,/*"Բ",16*/
      |                                                                                }}
  454 | "ff",0x00,0x00,0xFE,0x3F,0x42,0x20,0x42,0x20,0xE2,0x27,0x32,0x22,0x4A,0x21,0x82,0x20,
      | {    {
  455 | 0x62,0x23,0x1E,0x3C,0xC2,0x20,0x02,0x21,0x62,0x20,0x82,0x21,0xFE,0x3F,0x02,0x20,/*"ͼ",17*/
      |                                                                                }}
  456 | "ff",0x00,0x02,0x08,0x02,0x08,0x02,0x08,0x02,0x08,0x02,0xF8,0x3F,0x08,0x00,0x08,0x00,
      | {    {
  457 | 0x08,0x00,0xF8,0x07,0x08,0x04,0x08,0x04,0x08,0x04,0x04,0x04,0x04,0x04,0x02,0x04,/*"Ƭ",18*/
      |                                                                                }}
  458 | "ff",0x00,0x00,0xF8,0x0F,0x08,0x08,0x08,0x08,0xF8,0x0F,0x08,0x08,0x08,0x08,0xF8,0x0F,
      | {    {
  459 | 0x20,0x02,0x22,0x22,0x24,0x22,0x28,0x12,0x28,0x0A,0x20,0x02,0xFF,0x7F,0x00,0x00,/*"��",19*/
      |                                                                                }}
  460 | "ff",0x00,0x00,0xFC,0x1F,0x00,0x00,0x00,0x00,0x00,0x00,0x00,0x00,0xFF,0x7F,0x80,0x00,
      | {    {
  461 | 0x80,0x00,0x88,0x08,0x88,0x10,0x84,0x20,0x82,0x40,0x81,0x40,0xA0,0x00,0x40,0x00,/*"ʾ",20*/
      |                                                                                }}
  462 | "ff",0x10,0x04,0x10,0x04,0xFF,0x7F,0x10,0x04,0x00,0x08,0x00,0x1F,0xFC,0x00,0x88,0x08,
      | {    {
  463 | 0x10,0x04,0x80,0x00,0xFE,0x3F,0xA0,0x02,0x90,0x04,0x8C,0x18,0x83,0x60,0x80,0x00,/*"��",21*/
      |                                                                                }}
  464 | "ff",0x08,0x08,0x10,0x04,0x20,0x02,0xFC,0x1F,0x84,0x10,0x84,0x10,0xFC,0x1F,0x84,0x10,
      | {    {
  465 | 0x84,0x10,0xFC,0x1F,0x80,0x00,0x80,0x00,0xFF,0x7F,0x80,0x00,0x80,0x00,0x80,0x00,/*"��",22*/
      |                                                                                }}
  466 | "ff",0x10,0x04,0x10,0x04,0xFF,0x7F,0x10,0x04,0x80,0x00,0x80,0x00,0xF8,0x0F,0x88,0x08,
      | {    {
  467 | 0x88,0x08,0x88,0x08,0xFF,0x7F,0x40,0x01,0x20,0x02,0x10,0x04,0x0C,0x18,0x03,0x60,/*"Ӣ",23*/
      |                                                                                }}
  468 | "ff",0x40,0x00,0x80,0x00,0x80,0x00,0xFF,0x7F,0x08,0x08,0x08,0x08,0x10,0x04,0x10,0x04,
      | {    {
  469 | 0x20,0x02,0x40,0x01,0x80,0x00,0x40,0x01,0x20,0x02,0x10,0x04,0x0C,0x18,0x03,0x60,/*"��",24*/
      |                                                                                }}
  470 | "ff",0x08,0x02,0x08,0x04,0xC4,0x7F,0x44,0x40,0x12,0x00,0x9F,0x3F,0x08,0x00,0x04,0x00,
      | {    {
  471 | 0xC2,0x7F,0x1F,0x04,0x82,0x14,0x80,0x24,0x58,0x44,0x27,0x44,0x02,0x05,0x00,0x02,/*"��",25*/
      |                                                                                }}
  472 | "ff",0x80,0x00,0x80,0x00,0x40,0x01,0x20,0x02,0x10,0x04,0x0C,0x18,0xF3,0x67,0x00,0x00,
      | {    {
  473 | 0x00,0x00,0xF8,0x0F,0x08,0x08,0x08,0x08,0x08,0x08,0x08,0x08,0xF8,0x0F,0x08,0x08,/*"��",26*/
      |                                                                                }}
  474 | "ff",0x40,0x00,0x80,0x00,0xFE,0x3F,0x00,0x00,0xF8,0x0F,0x08,0x08,0xF8,0x0F,0x00,0x00,
      | {    {
  475 | 0xFE,0x7F,0x02,0x40,0xF1,0x27,0x10,0x04,0x10,0x04,0x08,0x44,0x04,0x44,0x03,0x78,/*"��",27*/
      |                                                                                }}
  476 | "ff",0x80,0x00,0x00,0x01,0xFC,0x7F,0x44,0x04,0x44,0x04,0xFC,0x3F,0x44,0x04,0x44,0x04,
      | {    {
  477 | 0xC4,0x07,0x04,0x00,0xF4,0x0F,0x24,0x08,0x42,0x04,0x82,0x03,0x61,0x0C,0x1C,0x70,/*"��",28*/
      |                                                                                }}
  478 | "ff",0x00,0x20,0xE4,0x23,0x28,0x22,0x28,0x2A,0xA1,0x2A,0xA2,0x2A,0xA2,0x2A,0xA8,0x2A,
      | {    {
  479 | 0xA8,0x2A,0xA4,0x2A,0xA7,0x2A,0x84,0x20,0x44,0x21,0x44,0x22,0x24,0x28,0x10,0x10,/*"��",29*/
      |                                                                                }}
  480 | "ff",0x00,0x14,0x04,0x24,0x08,0x24,0x08,0x04,0xE0,0x7F,0x00,0x04,0x0F,0x04,0xE8,0x07,
      | {    {
  481 | 0x88,0x04,0x88,0x08,0x88,0x08,0xA8,0x08,0x98,0x53,0xE8,0x50,0x40,0x60,0x00,0x40,/*"��",30*/
      |                                                                                }}
  482 | "ff",0x10,0x00,0xB8,0x3F,0x8F,0x20,0x88,0x20,0x88,0x20,0xBF,0x3F,0x08,0x00,0x0C,0x00,
      | {    {
  483 | 0x9C,0x7F,0x2A,0x04,0x2A,0x04,0x89,0x3F,0x08,0x04,0x08,0x04,0xC8,0x7F,0x08,0x00,/*"��",31*/
      |                                                                                }}
  484 | "ff",0x80,0x00,0x00,0x01,0xFC,0x7F,0x04,0x00,0xC4,0x1F,0x04,0x08,0x04,0x05,0x04,0x02,
      | {    {
  485 | 0xF4,0x7F,0x04,0x42,0x04,0x22,0x04,0x02,0x02,0x02,0x02,0x02,0x81,0x02,0x00,0x01,/*"��",32*/
      |                                                                                }}
  486 | "ff",0x00,0x00,0xE2,0x3F,0x24,0x22,0x24,0x22,0xA0,0x2F,0x20,0x22,0x27,0x22,0xE4,0x3F,
      | {    {
  487 | 0x24,0x20,0xA4,0x2F,0xA4,0x28,0xB4,0x28,0xAC,0x2F,0x24,0x20,0x20,0x28,0x10,0x10,/*"��",33*/
      |                                                                                }}
  488 | "ff",0x80,0x00,0x84,0x10,0x88,0x10,0x90,0x08,0x90,0x04,0x80,0x00,0xFF,0x7F,0x20,0x02,
      | {    {
  489 | 0x20,0x02,0x20,0x02,0x20,0x02,0x10,0x42,0x10,0x42,0x08,0x42,0x04,0x7C,0x03,0x00,/*"��",34*/
      |                                                                                }}
  490 | "ff",0x10,0x10,0x12,0x38,0x92,0x07,0x92,0x00,0x92,0x00,0xBE,0x3F,0x82,0x22,0x82,0x22,
      | {    {
  491 | 0x9E,0x22,0x92,0x14,0x92,0x14,0x92,0x08,0x92,0x08,0x52,0x14,0x52,0x22,0x31,0x41,/*"��",35*/
      |                                                                                }}
  492 | "ff",0x08,0x00,0xC8,0x3F,0x88,0x20,0x88,0x20,0xBF,0x20,0x08,0x11,0x0C,0x11,0x1C,0x11,
      | {    {
  493 | 0x2A,0x0A,0x2A,0x0A,0x09,0x04,0x08,0x04,0x08,0x0A,0x08,0x11,0x88,0x20,0x68,0x40,/*"Ȩ",36*/
      |                                                                                }}
  494 | "ff",0x40,0x10,0xE0,0x38,0x1C,0x07,0x04,0x01,0x04,0x01,0x7C,0x01,0x44,0x7F,0x44,0x11,
      | {    {
  495 | 0x44,0x11,0x7C,0x11,0x04,0x11,0x04,0x11,0x82,0x10,0x82,0x10,0x41,0x10,0x20,0x10,/*"��",37*/
  496 | };
      | }}
../Core/Inc/lcdfont.h:506:29: warning: missing braces around initializer [-Wmissing-braces]
  506 | const typFNT_GB24 tfont24[]={
      |                             ^
  507 | 
  508 | "ff",0x00,0x00,0x00,0x00,0x00,0x00,0x00,0x18,0x00,0x00,0x08,0x00,0x00,0x08,0x00,0x00,
      | {    {
......
  512 | 0x18,0x00,0x00,0x18,0x00,0x00,0x00,0x00,/*"��",0*/
      |                                        }}
  513 | 
  514 | "ff",0x00,0x00,0x00,0x00,0x00,0x00,0x40,0x00,0x06,0xC0,0xFF,0x07,0x40,0x00,0x06,0xC0,
      | {    {
......
  518 | 0x1E,0x30,0x00,0x1C,0x00,0x00,0x00,0x00,/*"��",1*/
      |                                        }}
  519 | 
  520 | "ff",0x00,0x00,0x00,0x00,0x00,0x00,0x08,0x00,0x30,0xF8,0xFF,0x1F,0x08,0x00,0x10,0x08,
      | {    {
......
  524 | 0xFF,0x1F,0x08,0x00,0x10,0x00,0x00,0x00,/*"԰",2*/
      |                                        }}
  525 | 
  526 | "ff",0x00,0x00,0x00,0x00,0x00,0x00,0x00,0x18,0x00,0x00,0x08,0x00,0x00,0x08,0x00,0x00,
      | {    {
......
  530 | 0x18,0x30,0x00,0xF0,0x1F,0x00,0x00,0x00,/*"��",3*/
      |                                        }}
  531 | 
  532 | "ff",0x00,0x00,0x00,0x00,0x00,0x00,0x00,0x00,0x04,0xF0,0xFF,0x0F,0x00,0x00,0x06,0x00,
      | {    {
......
  538 | };
      | }}
../Core/Src/main.c: In function 'cmd_parser_fsm':
../Core/Src/main.c:247:25: warning: pointer targets in passing argument 1 of 'uart_Rs232SendString' differ in signedness [-Wpointer-sign]
  247 |    uart_Rs232SendString("Request!!");
      |                         ^~~~~~~~~~~
      |                         |
      |                         char *
../Core/Inc/lcdfont.h:548:29: warning: missing braces around initializer [-Wmissing-braces]
  548 | const typFNT_GB32 tfont32[]={
      |                             ^
  549 | "ff",0x00,0x00,0x00,0x00,0x00,0x00,0x00,0x00,0x00,0x80,0x00,0x00,0x00,0x80,0x01,0x00,
      | {    {
......
  556 | 0x00,0x80,0x01,0x00,0x00,0x80,0x01,0x00,0x00,0x80,0x00,0x00,0x00,0x00,0x00,0x00,/*"��",0*/
      |                                                                                }}
  557 | "ff",0x00,0x00,0x00,0x00,0x00,0x00,0x00,0x00,0x00,0x00,0x00,0x00,0x00,0x01,0x80,0x01,
      | {    {
......
  564 | 0x18,0x98,0x01,0x1C,0x04,0xE0,0x01,0x18,0x00,0xC0,0x00,0x00,0x00,0x00,0x00,0x00,/*"��",1*/
      |                                                                                }}
  565 | "ff",0x00,0x00,0x00,0x00,0x00,0x00,0x00,0x00,0x00,0x00,0x00,0x08,0xF0,0xFF,0xFF,0x1F,
      | {    {
......
  572 | 0xF0,0xFF,0xFF,0x0F,0x30,0x00,0x00,0x0C,0x10,0x00,0x00,0x04,0x00,0x00,0x00,0x00,/*"԰",2*/
      |                                                                                }}
  573 | "ff",0x00,0x00,0x00,0x00,0x00,0x00,0x00,0x00,0x00,0xC0,0x00,0x00,0x00,0xC0,0x01,0x00,
      | {    {
......
  580 | 0x00,0xC0,0x01,0x38,0x00,0x80,0xFF,0x1F,0x00,0x00,0x00,0x00,0x00,0x00,0x00,0x00,/*"��",3*/
      |                                                                                }}
  581 | "ff",0x00,0x00,0x00,0x00,0x00,0x00,0x00,0x00,0x00,0x00,0x00,0x00,0x00,0x00,0x00,0x03,
      | {    {
......
  589 | };
      | }}
../Core/Src/lcd.c: In function 'lcd_Clear':
In file included from ../Core/Src/main.c:37:
../Core/Inc/uart.h:22:36: note: expected 'uint8_t *' {aka 'unsigned char *'} but argument is of type 'char *'
   22 | void uart_Rs232SendString(uint8_t* str);
      |                           ~~~~~~~~~^~~
../Core/Src/lcd.c:86:10: warning: variable 'buffer' set but not used [-Wunused-but-set-variable]
   86 |  uint8_t buffer[2];
      |          ^~~~~~
../Core/Src/lcd.c: In function 'DrawTestPage':
../Core/Src/lcd.c:494:35: warning: pointer targets in passing argument 3 of 'lcd_StrCenter' differ in signedness [-Wpointer-sign]
  494 |  lcd_StrCenter(0,lcddev.height-18,"Test page",WHITE,BLUE,16,1);
      |                                   ^~~~~~~~~~~
      |                                   |
      |                                   char *
../Core/Src/lcd.c:483:52: note: expected 'uint8_t *' {aka 'unsigned char *'} but argument is of type 'char *'
  483 | void lcd_StrCenter(uint16_t x, uint16_t y,uint8_t *str,uint16_t fc,uint16_t bc,uint8_t sizey,uint8_t mode)
      |                                           ~~~~~~~~~^~~
../Core/Src/lcd.c: In function 'lcd_Display':
../Core/Src/lcd.c:505:10: warning: unused variable 'buffer' [-Wunused-variable]
  505 |  uint8_t buffer[2];
      |          ^~~~~~
../Core/Src/software_timer.c: In function 'HAL_TIM_PeriodElapsedCallback':
../Core/Src/lcd.c:517:4: warning: 'send' may be used uninitialized in this function [-Wmaybe-uninitialized]
  517 |    LCD_WR_DATA(send);
      |    ^~~~~~~~~~~~~~~~~
../Core/Src/main.c:266:5: warning: implicit declaration of function 'clear_buffer' [-Wimplicit-function-declaration]
  266 |     clear_buffer();
      |     ^~~~~~~~~~~~
../Core/Src/software_timer.c:37:3: warning: implicit declaration of function 'led7_Scan' [-Wimplicit-function-declaration]
   37 |   led7_Scan();
      |   ^~~~~~~~~
../Core/Src/main.c:270:26: warning: pointer targets in passing argument 1 of 'uart_Rs232SendString' differ in signedness [-Wpointer-sign]
  270 |     uart_Rs232SendString("Wrong format!! Send again");
      |                          ^~~~~~~~~~~~~~~~~~~~~~~~~~~
      |                          |
      |                          char *
In file included from ../Core/Src/main.c:37:
../Core/Inc/uart.h:22:36: note: expected 'uint8_t *' {aka 'unsigned char *'} but argument is of type 'char *'
   22 | void uart_Rs232SendString(uint8_t* str);
      |                           ~~~~~~~~~^~~
../Core/Src/main.c: In function 'displayHour':
../Core/Src/main.c:296:28: warning: pointer targets in passing argument 3 of 'lcd_ShowStr' differ in signedness [-Wpointer-sign]
  296 |       lcd_ShowStr(70, 100, "  ", GREEN, BLACK, 24, 0);
      |                            ^~~~
      |                            |
      |                            char *
In file included from ../Core/Src/main.c:34:
../Core/Inc/lcd.h:109:50: note: expected 'uint8_t *' {aka 'unsigned char *'} but argument is of type 'char *'
  109 | void lcd_ShowStr(uint16_t x, uint16_t y,uint8_t *str,uint16_t fc, uint16_t bc,uint8_t sizey,uint8_t mode);
      |                                         ~~~~~~~~~^~~
../Core/Src/main.c: In function 'displayMin':
../Core/Src/main.c:314:29: warning: pointer targets in passing argument 3 of 'lcd_ShowStr' differ in signedness [-Wpointer-sign]
  314 |       lcd_ShowStr(110, 100, "  ", GREEN, BLACK, 24, 0);
      |                             ^~~~
      |                             |
      |                             char *
In file included from ../Core/Src/main.c:34:
../Core/Inc/lcd.h:109:50: note: expected 'uint8_t *' {aka 'unsigned char *'} but argument is of type 'char *'
  109 | void lcd_ShowStr(uint16_t x, uint16_t y,uint8_t *str,uint16_t fc, uint16_t bc,uint8_t sizey,uint8_t mode);
      |                                         ~~~~~~~~~^~~
../Core/Src/main.c: In function 'displaySec':
../Core/Src/main.c:334:29: warning: pointer targets in passing argument 3 of 'lcd_ShowStr' differ in signedness [-Wpointer-sign]
  334 |       lcd_ShowStr(150, 100, "  ", GREEN, BLACK, 24, 0);
      |                             ^~~~
      |                             |
      |                             char *
In file included from ../Core/Src/main.c:34:
../Core/Inc/lcd.h:109:50: note: expected 'uint8_t *' {aka 'unsigned char *'} but argument is of type 'char *'
  109 | void lcd_ShowStr(uint16_t x, uint16_t y,uint8_t *str,uint16_t fc, uint16_t bc,uint8_t sizey,uint8_t mode);
      |                                         ~~~~~~~~~^~~
../Core/Src/main.c: In function 'convertDay':
../Core/Src/main.c:351:25: warning: pointer targets in passing argument 3 of 'lcd_ShowStr' differ in signedness [-Wpointer-sign]
  351 |    lcd_ShowStr(20, 130, "SUN", YELLOW, BLACK, 24, 0);
      |                         ^~~~~
      |                         |
      |                         char *
In file included from ../Core/Src/main.c:34:
../Core/Inc/lcd.h:109:50: note: expected 'uint8_t *' {aka 'unsigned char *'} but argument is of type 'char *'
  109 | void lcd_ShowStr(uint16_t x, uint16_t y,uint8_t *str,uint16_t fc, uint16_t bc,uint8_t sizey,uint8_t mode);
      |                                         ~~~~~~~~~^~~
../Core/Src/main.c:354:25: warning: pointer targets in passing argument 3 of 'lcd_ShowStr' differ in signedness [-Wpointer-sign]
  354 |    lcd_ShowStr(20, 130, "MON", YELLOW, BLACK, 24, 0);
      |                         ^~~~~
      |                         |
      |                         char *
In file included from ../Core/Src/main.c:34:
../Core/Inc/lcd.h:109:50: note: expected 'uint8_t *' {aka 'unsigned char *'} but argument is of type 'char *'
  109 | void lcd_ShowStr(uint16_t x, uint16_t y,uint8_t *str,uint16_t fc, uint16_t bc,uint8_t sizey,uint8_t mode);
      |                                         ~~~~~~~~~^~~
../Core/Src/main.c:357:25: warning: pointer targets in passing argument 3 of 'lcd_ShowStr' differ in signedness [-Wpointer-sign]
  357 |    lcd_ShowStr(20, 130, "TUE", YELLOW, BLACK, 24, 0);
      |                         ^~~~~
      |                         |
      |                         char *
In file included from ../Core/Src/main.c:34:
../Core/Inc/lcd.h:109:50: note: expected 'uint8_t *' {aka 'unsigned char *'} but argument is of type 'char *'
  109 | void lcd_ShowStr(uint16_t x, uint16_t y,uint8_t *str,uint16_t fc, uint16_t bc,uint8_t sizey,uint8_t mode);
      |                                         ~~~~~~~~~^~~
../Core/Src/main.c:360:25: warning: pointer targets in passing argument 3 of 'lcd_ShowStr' differ in signedness [-Wpointer-sign]
  360 |    lcd_ShowStr(20, 130, "WED", YELLOW, BLACK, 24, 0);
      |                         ^~~~~
      |                         |
      |                         char *
In file included from ../Core/Src/main.c:34:
../Core/Inc/lcd.h:109:50: note: expected 'uint8_t *' {aka 'unsigned char *'} but argument is of type 'char *'
  109 | void lcd_ShowStr(uint16_t x, uint16_t y,uint8_t *str,uint16_t fc, uint16_t bc,uint8_t sizey,uint8_t mode);
      |                                         ~~~~~~~~~^~~
../Core/Src/main.c:363:25: warning: pointer targets in passing argument 3 of 'lcd_ShowStr' differ in signedness [-Wpointer-sign]
  363 |    lcd_ShowStr(20, 130, "THU", YELLOW, BLACK, 24, 0);
      |                         ^~~~~
      |                         |
      |                         char *
In file included from ../Core/Src/main.c:34:
../Core/Inc/lcd.h:109:50: note: expected 'uint8_t *' {aka 'unsigned char *'} but argument is of type 'char *'
  109 | void lcd_ShowStr(uint16_t x, uint16_t y,uint8_t *str,uint16_t fc, uint16_t bc,uint8_t sizey,uint8_t mode);
      |                                         ~~~~~~~~~^~~
../Core/Src/main.c:366:25: warning: pointer targets in passing argument 3 of 'lcd_ShowStr' differ in signedness [-Wpointer-sign]
  366 |    lcd_ShowStr(20, 130, "FRI", YELLOW, BLACK, 24, 0);
      |                         ^~~~~
      |                         |
      |                         char *
In file included from ../Core/Src/main.c:34:
../Core/Inc/lcd.h:109:50: note: expected 'uint8_t *' {aka 'unsigned char *'} but argument is of type 'char *'
  109 | void lcd_ShowStr(uint16_t x, uint16_t y,uint8_t *str,uint16_t fc, uint16_t bc,uint8_t sizey,uint8_t mode);
      |                                         ~~~~~~~~~^~~
../Core/Src/main.c:369:25: warning: pointer targets in passing argument 3 of 'lcd_ShowStr' differ in signedness [-Wpointer-sign]
  369 |    lcd_ShowStr(20, 130, "SAT", YELLOW, BLACK, 24, 0);
      |                         ^~~~~
      |                         |
      |                         char *
In file included from ../Core/Src/main.c:34:
../Core/Inc/lcd.h:109:50: note: expected 'uint8_t *' {aka 'unsigned char *'} but argument is of type 'char *'
  109 | void lcd_ShowStr(uint16_t x, uint16_t y,uint8_t *str,uint16_t fc, uint16_t bc,uint8_t sizey,uint8_t mode);
      |                                         ~~~~~~~~~^~~
../Core/Src/main.c: In function 'displayDay':
../Core/Src/main.c:377:28: warning: pointer targets in passing argument 3 of 'lcd_ShowStr' differ in signedness [-Wpointer-sign]
  377 |       lcd_ShowStr(20, 130, "   ", GREEN, BLACK, 24, 0);
      |                            ^~~~~
      |                            |
      |                            char *
In file included from ../Core/Src/main.c:34:
../Core/Inc/lcd.h:109:50: note: expected 'uint8_t *' {aka 'unsigned char *'} but argument is of type 'char *'
  109 | void lcd_ShowStr(uint16_t x, uint16_t y,uint8_t *str,uint16_t fc, uint16_t bc,uint8_t sizey,uint8_t mode);
      |                                         ~~~~~~~~~^~~
../Core/Src/main.c: At top level:
../Core/Src/main.c:386:6: warning: conflicting types for 'clear_buffer'
  386 | void clear_buffer() {
      |      ^~~~~~~~~~~~
../Core/Src/main.c:266:5: note: previous implicit declaration of 'clear_buffer' was here
  266 |     clear_buffer();
      |     ^~~~~~~~~~~~
../Core/Src/main.c: In function 'displayDate':
../Core/Src/main.c:395:28: warning: pointer targets in passing argument 3 of 'lcd_ShowStr' differ in signedness [-Wpointer-sign]
  395 |       lcd_ShowStr(70, 130, "  ", GREEN, BLACK, 24, 0);
      |                            ^~~~
      |                            |
      |                            char *
In file included from ../Core/Src/main.c:34:
../Core/Inc/lcd.h:109:50: note: expected 'uint8_t *' {aka 'unsigned char *'} but argument is of type 'char *'
  109 | void lcd_ShowStr(uint16_t x, uint16_t y,uint8_t *str,uint16_t fc, uint16_t bc,uint8_t sizey,uint8_t mode);
      |                                         ~~~~~~~~~^~~
../Core/Src/main.c: In function 'convertMonth':
../Core/Src/main.c:410:32: warning: pointer targets in passing argument 3 of 'lcd_ShowStr' differ in signedness [-Wpointer-sign]
  410 |          lcd_ShowStr(105, 130, "JAN", YELLOW, BLACK, 24, 0);
      |                                ^~~~~
      |                                |
      |                                char *
In file included from ../Core/Src/main.c:34:
../Core/Inc/lcd.h:109:50: note: expected 'uint8_t *' {aka 'unsigned char *'} but argument is of type 'char *'
  109 | void lcd_ShowStr(uint16_t x, uint16_t y,uint8_t *str,uint16_t fc, uint16_t bc,uint8_t sizey,uint8_t mode);
      |                                         ~~~~~~~~~^~~
../Core/Src/main.c:413:32: warning: pointer targets in passing argument 3 of 'lcd_ShowStr' differ in signedness [-Wpointer-sign]
  413 |          lcd_ShowStr(105, 130, "FEB", YELLOW, BLACK, 24, 0);
      |                                ^~~~~
      |                                |
      |                                char *
In file included from ../Core/Src/main.c:34:
../Core/Inc/lcd.h:109:50: note: expected 'uint8_t *' {aka 'unsigned char *'} but argument is of type 'char *'
  109 | void lcd_ShowStr(uint16_t x, uint16_t y,uint8_t *str,uint16_t fc, uint16_t bc,uint8_t sizey,uint8_t mode);
      |                                         ~~~~~~~~~^~~
../Core/Src/main.c:416:32: warning: pointer targets in passing argument 3 of 'lcd_ShowStr' differ in signedness [-Wpointer-sign]
  416 |          lcd_ShowStr(105, 130, "MAR", YELLOW, BLACK, 24, 0);
      |                                ^~~~~
      |                                |
      |                                char *
In file included from ../Core/Src/main.c:34:
../Core/Inc/lcd.h:109:50: note: expected 'uint8_t *' {aka 'unsigned char *'} but argument is of type 'char *'
  109 | void lcd_ShowStr(uint16_t x, uint16_t y,uint8_t *str,uint16_t fc, uint16_t bc,uint8_t sizey,uint8_t mode);
      |                                         ~~~~~~~~~^~~
../Core/Src/main.c:419:32: warning: pointer targets in passing argument 3 of 'lcd_ShowStr' differ in signedness [-Wpointer-sign]
  419 |          lcd_ShowStr(105, 130, "APR", YELLOW, BLACK, 24, 0);
      |                                ^~~~~
      |                                |
      |                                char *
arm-none-eabi-gcc "../Core/Src/stm32f4xx_it.c" -mcpu=cortex-m4 -std=gnu11 -g3 -DDEBUG -DUSE_HAL_DRIVER -DSTM32F407xx -c -I../Core/Inc -I../Drivers/STM32F4xx_HAL_Driver/Inc -I../Drivers/STM32F4xx_HAL_Driver/Inc/Legacy -I../Drivers/CMSIS/Device/ST/STM32F4xx/Include -I../Drivers/CMSIS/Include -O0 -ffunction-sections -fdata-sections -Wall -fstack-usage -MMD -MP -MF"Core/Src/stm32f4xx_it.d" -MT"Core/Src/stm32f4xx_it.o" --specs=nano.specs -mfpu=fpv4-sp-d16 -mfloat-abi=hard -mthumb -o "Core/Src/stm32f4xx_it.o"
In file included from ../Core/Src/main.c:34:
../Core/Inc/lcd.h:109:50: note: expected 'uint8_t *' {aka 'unsigned char *'} but argument is of type 'char *'
  109 | void lcd_ShowStr(uint16_t x, uint16_t y,uint8_t *str,uint16_t fc, uint16_t bc,uint8_t sizey,uint8_t mode);
      |                                         ~~~~~~~~~^~~
../Core/Src/main.c:422:32: warning: pointer targets in passing argument 3 of 'lcd_ShowStr' differ in signedness [-Wpointer-sign]
  422 |          lcd_ShowStr(105, 130, "MAY", YELLOW, BLACK, 24, 0);
      |                                ^~~~~
      |                                |
      |                                char *
In file included from ../Core/Src/main.c:34:
../Core/Inc/lcd.h:109:50: note: expected 'uint8_t *' {aka 'unsigned char *'} but argument is of type 'char *'
  109 | void lcd_ShowStr(uint16_t x, uint16_t y,uint8_t *str,uint16_t fc, uint16_t bc,uint8_t sizey,uint8_t mode);
      |                                         ~~~~~~~~~^~~
../Core/Src/main.c:425:32: warning: pointer targets in passing argument 3 of 'lcd_ShowStr' differ in signedness [-Wpointer-sign]
  425 |          lcd_ShowStr(105, 130, "JUN", YELLOW, BLACK, 24, 0);
      |                                ^~~~~
      |                                |
      |                                char *
In file included from ../Core/Src/main.c:34:
../Core/Inc/lcd.h:109:50: note: expected 'uint8_t *' {aka 'unsigned char *'} but argument is of type 'char *'
  109 | void lcd_ShowStr(uint16_t x, uint16_t y,uint8_t *str,uint16_t fc, uint16_t bc,uint8_t sizey,uint8_t mode);
      |                                         ~~~~~~~~~^~~
../Core/Src/main.c:428:32: warning: pointer targets in passing argument 3 of 'lcd_ShowStr' differ in signedness [-Wpointer-sign]
  428 |          lcd_ShowStr(105, 130, "JUL", YELLOW, BLACK, 24, 0);
      |                                ^~~~~
      |                                |
      |                                char *
In file included from ../Core/Src/main.c:34:
../Core/Inc/lcd.h:109:50: note: expected 'uint8_t *' {aka 'unsigned char *'} but argument is of type 'char *'
  109 | void lcd_ShowStr(uint16_t x, uint16_t y,uint8_t *str,uint16_t fc, uint16_t bc,uint8_t sizey,uint8_t mode);
      |                                         ~~~~~~~~~^~~
../Core/Src/main.c:431:32: warning: pointer targets in passing argument 3 of 'lcd_ShowStr' differ in signedness [-Wpointer-sign]
  431 |          lcd_ShowStr(105, 130, "AUG", YELLOW, BLACK, 24, 0);
      |                                ^~~~~
      |                                |
      |                                char *
In file included from ../Core/Src/main.c:34:
../Core/Inc/lcd.h:109:50: note: expected 'uint8_t *' {aka 'unsigned char *'} but argument is of type 'char *'
  109 | void lcd_ShowStr(uint16_t x, uint16_t y,uint8_t *str,uint16_t fc, uint16_t bc,uint8_t sizey,uint8_t mode);
      |                                         ~~~~~~~~~^~~
../Core/Src/main.c:434:32: warning: pointer targets in passing argument 3 of 'lcd_ShowStr' differ in signedness [-Wpointer-sign]
  434 |          lcd_ShowStr(105, 130, "SEP", YELLOW, BLACK, 24, 0);
      |                                ^~~~~
      |                                |
      |                                char *
In file included from ../Core/Src/main.c:34:
../Core/Inc/lcd.h:109:50: note: expected 'uint8_t *' {aka 'unsigned char *'} but argument is of type 'char *'
  109 | void lcd_ShowStr(uint16_t x, uint16_t y,uint8_t *str,uint16_t fc, uint16_t bc,uint8_t sizey,uint8_t mode);
      |                                         ~~~~~~~~~^~~
../Core/Src/main.c:437:32: warning: pointer targets in passing argument 3 of 'lcd_ShowStr' differ in signedness [-Wpointer-sign]
  437 |          lcd_ShowStr(105, 130, "OCT", YELLOW, BLACK, 24, 0);
      |                                ^~~~~
      |                                |
      |                                char *
In file included from ../Core/Src/main.c:34:
../Core/Inc/lcd.h:109:50: note: expected 'uint8_t *' {aka 'unsigned char *'} but argument is of type 'char *'
  109 | void lcd_ShowStr(uint16_t x, uint16_t y,uint8_t *str,uint16_t fc, uint16_t bc,uint8_t sizey,uint8_t mode);
      |                                         ~~~~~~~~~^~~
../Core/Src/main.c:440:32: warning: pointer targets in passing argument 3 of 'lcd_ShowStr' differ in signedness [-Wpointer-sign]
  440 |          lcd_ShowStr(105, 130, "NOV", YELLOW, BLACK, 24, 0);
      |                                ^~~~~
      |                                |
      |                                char *
In file included from ../Core/Src/main.c:34:
../Core/Inc/lcd.h:109:50: note: expected 'uint8_t *' {aka 'unsigned char *'} but argument is of type 'char *'
  109 | void lcd_ShowStr(uint16_t x, uint16_t y,uint8_t *str,uint16_t fc, uint16_t bc,uint8_t sizey,uint8_t mode);
      |                                         ~~~~~~~~~^~~
../Core/Src/main.c:443:32: warning: pointer targets in passing argument 3 of 'lcd_ShowStr' differ in signedness [-Wpointer-sign]
  443 |          lcd_ShowStr(105, 130, "DEC", YELLOW, BLACK, 24, 0);
      |                                ^~~~~
      |                                |
      |                                char *
In file included from ../Core/Src/main.c:34:
../Core/Inc/lcd.h:109:50: note: expected 'uint8_t *' {aka 'unsigned char *'} but argument is of type 'char *'
  109 | void lcd_ShowStr(uint16_t x, uint16_t y,uint8_t *str,uint16_t fc, uint16_t bc,uint8_t sizey,uint8_t mode);
      |                                         ~~~~~~~~~^~~
../Core/Src/main.c: In function 'displayMonth':
../Core/Src/main.c:451:29: warning: pointer targets in passing argument 3 of 'lcd_ShowStr' differ in signedness [-Wpointer-sign]
  451 |       lcd_ShowStr(105, 130, "   ", GREEN, BLACK, 24, 0);
      |                             ^~~~~
      |                             |
      |                             char *
In file included from ../Core/Src/main.c:34:
../Core/Inc/lcd.h:109:50: note: expected 'uint8_t *' {aka 'unsigned char *'} but argument is of type 'char *'
  109 | void lcd_ShowStr(uint16_t x, uint16_t y,uint8_t *str,uint16_t fc, uint16_t bc,uint8_t sizey,uint8_t mode);
      |                                         ~~~~~~~~~^~~
../Core/Src/main.c: In function 'displayYear':
../Core/Src/main.c:466:29: warning: pointer targets in passing argument 3 of 'lcd_ShowStr' differ in signedness [-Wpointer-sign]
  466 |       lcd_ShowStr(150, 130, "    ", GREEN, BLACK, 24, 0);
      |                             ^~~~~~
      |                             |
      |                             char *
In file included from ../Core/Src/main.c:34:
../Core/Inc/lcd.h:109:50: note: expected 'uint8_t *' {aka 'unsigned char *'} but argument is of type 'char *'
  109 | void lcd_ShowStr(uint16_t x, uint16_t y,uint8_t *str,uint16_t fc, uint16_t bc,uint8_t sizey,uint8_t mode);
      |                                         ~~~~~~~~~^~~
../Core/Src/main.c: In function 'displayScreen':
../Core/Src/main.c:565:24: warning: pointer targets in passing argument 3 of 'lcd_ShowStr' differ in signedness [-Wpointer-sign]
  565 |   lcd_ShowStr(20, 160, "1.NOR", YELLOW, BLACK, 24, 0);
      |                        ^~~~~~~
      |                        |
      |                        char *
In file included from ../Core/Src/main.c:34:
../Core/Inc/lcd.h:109:50: note: expected 'uint8_t *' {aka 'unsigned char *'} but argument is of type 'char *'
  109 | void lcd_ShowStr(uint16_t x, uint16_t y,uint8_t *str,uint16_t fc, uint16_t bc,uint8_t sizey,uint8_t mode);
      |                                         ~~~~~~~~~^~~
../Core/Src/main.c:568:24: warning: pointer targets in passing argument 3 of 'lcd_ShowStr' differ in signedness [-Wpointer-sign]
  568 |   lcd_ShowStr(20, 160, "2.MOD", YELLOW, BLACK, 24, 0);
      |                        ^~~~~~~
      |                        |
      |                        char *
In file included from ../Core/Src/main.c:34:
../Core/Inc/lcd.h:109:50: note: expected 'uint8_t *' {aka 'unsigned char *'} but argument is of type 'char *'
  109 | void lcd_ShowStr(uint16_t x, uint16_t y,uint8_t *str,uint16_t fc, uint16_t bc,uint8_t sizey,uint8_t mode);
      |                                         ~~~~~~~~~^~~
../Core/Src/main.c:571:24: warning: pointer targets in passing argument 3 of 'lcd_ShowStr' differ in signedness [-Wpointer-sign]
  571 |   lcd_ShowStr(20, 160, "3.ALR", YELLOW, BLACK, 24, 0);
      |                        ^~~~~~~
      |                        |
      |                        char *
In file included from ../Core/Src/main.c:34:
../Core/Inc/lcd.h:109:50: note: expected 'uint8_t *' {aka 'unsigned char *'} but argument is of type 'char *'
  109 | void lcd_ShowStr(uint16_t x, uint16_t y,uint8_t *str,uint16_t fc, uint16_t bc,uint8_t sizey,uint8_t mode);
      |                                         ~~~~~~~~~^~~
../Core/Src/main.c:575:24: warning: pointer targets in passing argument 3 of 'lcd_ShowStr' differ in signedness [-Wpointer-sign]
  575 |   lcd_ShowStr(20, 190, "Wake up honey", RED, BLACK, 24, 0);
      |                        ^~~~~~~~~~~~~~~
      |                        |
      |                        char *
In file included from ../Core/Src/main.c:34:
../Core/Inc/lcd.h:109:50: note: expected 'uint8_t *' {aka 'unsigned char *'} but argument is of type 'char *'
  109 | void lcd_ShowStr(uint16_t x, uint16_t y,uint8_t *str,uint16_t fc, uint16_t bc,uint8_t sizey,uint8_t mode);
      |                                         ~~~~~~~~~^~~
../Core/Src/main.c:578:24: warning: pointer targets in passing argument 3 of 'lcd_ShowStr' differ in signedness [-Wpointer-sign]
  578 |   lcd_ShowStr(20, 190, "              ", BLACK, BLACK, 24, 0);
      |                        ^~~~~~~~~~~~~~~~
      |                        |
      |                        char *
In file included from ../Core/Src/main.c:34:
../Core/Inc/lcd.h:109:50: note: expected 'uint8_t *' {aka 'unsigned char *'} but argument is of type 'char *'
  109 | void lcd_ShowStr(uint16_t x, uint16_t y,uint8_t *str,uint16_t fc, uint16_t bc,uint8_t sizey,uint8_t mode);
      |                                         ~~~~~~~~~^~~
../Core/Src/main.c: In function 'modifyTimeFsm':
../Core/Src/main.c:586:24: warning: pointer targets in passing argument 3 of 'lcd_ShowStr' differ in signedness [-Wpointer-sign]
  586 |    lcd_ShowStr(20, 50, "Updating hour:", RED, BLACK, 24, 0);
      |                        ^~~~~~~~~~~~~~~~
      |                        |
      |                        char *
In file included from ../Core/Src/main.c:34:
../Core/Inc/lcd.h:109:50: note: expected 'uint8_t *' {aka 'unsigned char *'} but argument is of type 'char *'
  109 | void lcd_ShowStr(uint16_t x, uint16_t y,uint8_t *str,uint16_t fc, uint16_t bc,uint8_t sizey,uint8_t mode);
      |                                         ~~~~~~~~~^~~
../Core/Src/main.c:598:24: warning: pointer targets in passing argument 3 of 'lcd_ShowStr' differ in signedness [-Wpointer-sign]
  598 |    lcd_ShowStr(20, 50, "Updating minute:", RED, BLACK, 24, 0);
      |                        ^~~~~~~~~~~~~~~~~~
      |                        |
      |                        char *
In file included from ../Core/Src/main.c:34:
../Core/Inc/lcd.h:109:50: note: expected 'uint8_t *' {aka 'unsigned char *'} but argument is of type 'char *'
  109 | void lcd_ShowStr(uint16_t x, uint16_t y,uint8_t *str,uint16_t fc, uint16_t bc,uint8_t sizey,uint8_t mode);
      |                                         ~~~~~~~~~^~~
../Core/Src/main.c:610:24: warning: pointer targets in passing argument 3 of 'lcd_ShowStr' differ in signedness [-Wpointer-sign]
  610 |    lcd_ShowStr(20, 50, "Updating sec:", RED, BLACK, 24, 0);
      |                        ^~~~~~~~~~~~~~~
      |                        |
      |                        char *
In file included from ../Core/Src/main.c:34:
../Core/Inc/lcd.h:109:50: note: expected 'uint8_t *' {aka 'unsigned char *'} but argument is of type 'char *'
  109 | void lcd_ShowStr(uint16_t x, uint16_t y,uint8_t *str,uint16_t fc, uint16_t bc,uint8_t sizey,uint8_t mode);
      |                                         ~~~~~~~~~^~~
arm-none-eabi-gcc "../Core/Src/syscalls.c" -mcpu=cortex-m4 -std=gnu11 -g3 -DDEBUG -DUSE_HAL_DRIVER -DSTM32F407xx -c -I../Core/Inc -I../Drivers/STM32F4xx_HAL_Driver/Inc -I../Drivers/STM32F4xx_HAL_Driver/Inc/Legacy -I../Drivers/CMSIS/Device/ST/STM32F4xx/Include -I../Drivers/CMSIS/Include -O0 -ffunction-sections -fdata-sections -Wall -fstack-usage -MMD -MP -MF"Core/Src/syscalls.d" -MT"Core/Src/syscalls.o" --specs=nano.specs -mfpu=fpv4-sp-d16 -mfloat-abi=hard -mthumb -o "Core/Src/syscalls.o"
arm-none-eabi-gcc "../Core/Src/sysmem.c" -mcpu=cortex-m4 -std=gnu11 -g3 -DDEBUG -DUSE_HAL_DRIVER -DSTM32F407xx -c -I../Core/Inc -I../Drivers/STM32F4xx_HAL_Driver/Inc -I../Drivers/STM32F4xx_HAL_Driver/Inc/Legacy -I../Drivers/CMSIS/Device/ST/STM32F4xx/Include -I../Drivers/CMSIS/Include -O0 -ffunction-sections -fdata-sections -Wall -fstack-usage -MMD -MP -MF"Core/Src/sysmem.d" -MT"Core/Src/sysmem.o" --specs=nano.specs -mfpu=fpv4-sp-d16 -mfloat-abi=hard -mthumb -o "Core/Src/sysmem.o"
arm-none-eabi-gcc "../Core/Src/system_stm32f4xx.c" -mcpu=cortex-m4 -std=gnu11 -g3 -DDEBUG -DUSE_HAL_DRIVER -DSTM32F407xx -c -I../Core/Inc -I../Drivers/STM32F4xx_HAL_Driver/Inc -I../Drivers/STM32F4xx_HAL_Driver/Inc/Legacy -I../Drivers/CMSIS/Device/ST/STM32F4xx/Include -I../Drivers/CMSIS/Include -O0 -ffunction-sections -fdata-sections -Wall -fstack-usage -MMD -MP -MF"Core/Src/system_stm32f4xx.d" -MT"Core/Src/system_stm32f4xx.o" --specs=nano.specs -mfpu=fpv4-sp-d16 -mfloat-abi=hard -mthumb -o "Core/Src/system_stm32f4xx.o"
arm-none-eabi-gcc "../Core/Src/tim.c" -mcpu=cortex-m4 -std=gnu11 -g3 -DDEBUG -DUSE_HAL_DRIVER -DSTM32F407xx -c -I../Core/Inc -I../Drivers/STM32F4xx_HAL_Driver/Inc -I../Drivers/STM32F4xx_HAL_Driver/Inc/Legacy -I../Drivers/CMSIS/Device/ST/STM32F4xx/Include -I../Drivers/CMSIS/Include -O0 -ffunction-sections -fdata-sections -Wall -fstack-usage -MMD -MP -MF"Core/Src/tim.d" -MT"Core/Src/tim.o" --specs=nano.specs -mfpu=fpv4-sp-d16 -mfloat-abi=hard -mthumb -o "Core/Src/tim.o"
arm-none-eabi-gcc "../Core/Src/uart.c" -mcpu=cortex-m4 -std=gnu11 -g3 -DDEBUG -DUSE_HAL_DRIVER -DSTM32F407xx -c -I../Core/Inc -I../Drivers/STM32F4xx_HAL_Driver/Inc -I../Drivers/STM32F4xx_HAL_Driver/Inc/Legacy -I../Drivers/CMSIS/Device/ST/STM32F4xx/Include -I../Drivers/CMSIS/Include -O0 -ffunction-sections -fdata-sections -Wall -fstack-usage -MMD -MP -MF"Core/Src/uart.d" -MT"Core/Src/uart.o" --specs=nano.specs -mfpu=fpv4-sp-d16 -mfloat-abi=hard -mthumb -o "Core/Src/uart.o"
arm-none-eabi-gcc "../Core/Src/usart.c" -mcpu=cortex-m4 -std=gnu11 -g3 -DDEBUG -DUSE_HAL_DRIVER -DSTM32F407xx -c -I../Core/Inc -I../Drivers/STM32F4xx_HAL_Driver/Inc -I../Drivers/STM32F4xx_HAL_Driver/Inc/Legacy -I../Drivers/CMSIS/Device/ST/STM32F4xx/Include -I../Drivers/CMSIS/Include -O0 -ffunction-sections -fdata-sections -Wall -fstack-usage -MMD -MP -MF"Core/Src/usart.d" -MT"Core/Src/usart.o" --specs=nano.specs -mfpu=fpv4-sp-d16 -mfloat-abi=hard -mthumb -o "Core/Src/usart.o"
arm-none-eabi-gcc "../Core/Src/utils.c" -mcpu=cortex-m4 -std=gnu11 -g3 -DDEBUG -DUSE_HAL_DRIVER -DSTM32F407xx -c -I../Core/Inc -I../Drivers/STM32F4xx_HAL_Driver/Inc -I../Drivers/STM32F4xx_HAL_Driver/Inc/Legacy -I../Drivers/CMSIS/Device/ST/STM32F4xx/Include -I../Drivers/CMSIS/Include -O0 -ffunction-sections -fdata-sections -Wall -fstack-usage -MMD -MP -MF"Core/Src/utils.d" -MT"Core/Src/utils.o" --specs=nano.specs -mfpu=fpv4-sp-d16 -mfloat-abi=hard -mthumb -o "Core/Src/utils.o"
../Core/Src/uart.c: In function 'uart_Rs232SendNum':
../Core/Src/uart.c:30:24: warning: pointer targets in passing argument 1 of 'uart_Rs232SendString' differ in signedness [-Wpointer-sign]
   30 |   uart_Rs232SendString("0");
      |                        ^~~
      |                        |
      |                        char *
../Core/Src/uart.c:20:36: note: expected 'uint8_t *' {aka 'unsigned char *'} but argument is of type 'char *'
   20 | void uart_Rs232SendString(uint8_t* str){
      |                           ~~~~~~~~~^~~
../Core/Src/uart.c:35:35: warning: pointer targets in passing argument 1 of 'uart_Rs232SendString' differ in signedness [-Wpointer-sign]
   35 |  if(num < 0) uart_Rs232SendString("-");
      |                                   ^~~
      |                                   |
      |                                   char *
../Core/Src/uart.c:20:36: note: expected 'uint8_t *' {aka 'unsigned char *'} but argument is of type 'char *'
   20 | void uart_Rs232SendString(uint8_t* str){
      |                           ~~~~~~~~~^~~
../Core/Src/uart.c:38:19: warning: implicit declaration of function 'mypow' [-Wimplicit-function-declaration]
   38 |         if((num / mypow(10, i-1)) != 0)
      |                   ^~~~~
../Core/Src/uart.c:41:34: warning: format '%d' expects argument of type 'int', but argument 3 has type 'long unsigned int' [-Wformat=]
   41 |             sprintf((void*)msg,"%d",num/mypow(10, i-1));
      |                                 ~^  ~~~~~~~~~~~~~~~~~~
      |                                  |     |
      |                                  int   long unsigned int
      |                                 %ld
../Core/Src/uart.c:47:35: warning: pointer targets in passing argument 1 of 'uart_Rs232SendString' differ in signedness [-Wpointer-sign]
   47 |              uart_Rs232SendString("0");
      |                                   ^~~
      |                                   |
      |                                   char *
../Core/Src/uart.c:20:36: note: expected 'uint8_t *' {aka 'unsigned char *'} but argument is of type 'char *'
   20 | void uart_Rs232SendString(uint8_t* str){
      |                           ~~~~~~~~~^~~
../Core/Src/uart.c: In function 'uart_Rs232SendNumPercent':
../Core/Src/uart.c:57:26: warning: pointer targets in passing argument 1 of 'uart_Rs232SendString' differ in signedness [-Wpointer-sign]
   57 |     uart_Rs232SendString(".");
      |                          ^~~
      |                          |
      |                          char *
../Core/Src/uart.c:20:36: note: expected 'uint8_t *' {aka 'unsigned char *'} but argument is of type 'char *'
   20 | void uart_Rs232SendString(uint8_t* str){
      |                           ~~~~~~~~~^~~
../Core/Src/uart.c: In function 'HAL_UART_RxCpltCallback':
../Core/Src/uart.c:68:8: warning: implicit declaration of function 'isalpha' [-Wimplicit-function-declaration]
   68 |    if (isalpha(receive_buffer1)){
      |        ^~~~~~~
arm-none-eabi-gcc -o "Bai5_UART.elf" @"objects.list"   -mcpu=cortex-m4 -T"D:\Embedded\Bai5_UART\STM32F407ZETX_FLASH.ld" --specs=nosys.specs -Wl,-Map="Bai5_UART.map" -Wl,--gc-sections -static --specs=nano.specs -mfpu=fpv4-sp-d16 -mfloat-abi=hard -mthumb -Wl,--start-group -lc -lm -Wl,--end-group
Finished building target: Bai5_UART.elf
 
arm-none-eabi-size   Bai5_UART.elf 
arm-none-eabi-objdump -h -S  Bai5_UART.elf  > "Bai5_UART.list"
arm-none-eabi-objcopy  -O binary  Bai5_UART.elf  "Bai5_UART.bin"
   text	   data	    bss	    dec	    hex	filename
  49020	    160	   2368	  51548	   c95c	Bai5_UART.elf
Finished building: default.size.stdout
 
Finished building: Bai5_UART.bin
 
Finished building: Bai5_UART.list
 

22:51:15 Build Finished. 0 errors, 53 warnings. (took 3s.365ms)

